[backblue.gif]
[fade.gif]
[index.html]
[localhost/pius/feed/index.html]
[localhost/pius/comments/feed/index.html]
[localhost/pius/wp-includes/js/jquery/jqueryb8ff.js]
[localhost/pius/wp-includes/js/jquery/jquery-migrate.min330a.js]
[localhost/pius/wp-content/plugins/ocean-extra/includes/widgets/js/mailchimp.min5010.js]
[localhost/pius/wp-content/plugins/ocean-extra/includes/widgets/js/share.min5010.js]
[localhost/pius/xmlrpc0db0.php]
[localhost/pius/wp-json/index.html]
[localhost/pius/wp-includes/wlwmanifest.xml]
[localhost/pius/wp-json/oembed/1.0/embed977e.json]
[localhost/pius/wp-json/oembed/1.0/embed3eff]
[localhost/pius/wp-includes/js/imagesloaded.min55a0.js]
[localhost/pius/wp-content/themes/oceanwp/assets/js/third/magnific-popup.min6614.js]
[localhost/pius/wp-content/themes/oceanwp/assets/js/third/lightbox.min6614.js]
[localhost/pius/wp-content/themes/oceanwp/assets/js/main.min6614.js]
[localhost/pius/wp-includes/js/wp-embed.min5010.js]
[localhost/pius/wp-includes/js/jquery/ui/position.mine899.js]
[localhost/pius/wp-content/plugins/elementor/assets/lib/dialog/dialog.min268f.js]
[localhost/pius/wp-content/plugins/elementor/assets/lib/waypoints/waypoints.min05da.js]
[localhost/pius/wp-content/plugins/elementor/assets/lib/swiper/swiper.jquery.mincb20.js]
[localhost/pius/wp-content/plugins/elementor/assets/js/frontend.min77e6.js]
[localhost/pius/index.html]
[localhost/pius/wp-content/themes/oceanwp/assets/fonts/fontawesome/fontawesome-webfont3e6e.eot]
[localhost/pius/wp-content/themes/oceanwp/assets/fonts/fontawesome/fontawesome-webfontd41d.eot]
[localhost/pius/wp-content/themes/oceanwp/assets/fonts/fontawesome/fontawesome-webfont3e6e.woff2]
[localhost/pius/wp-content/themes/oceanwp/assets/fonts/fontawesome/fontawesome-webfont3e6e.woff]
[localhost/pius/wp-content/themes/oceanwp/assets/fonts/fontawesome/fontawesome-webfont3e6e.ttf]
[localhost/pius/wp-content/themes/oceanwp/assets/css/third/font-awesome.min1849.css]
[localhost/pius/wp-content/themes/oceanwp/assets/fonts/simple-line-icons/Simple-Line-Iconsb26c.eot]
[localhost/pius/wp-content/themes/oceanwp/assets/fonts/simple-line-icons/Simple-Line-Iconsb26c.woff2]
[localhost/pius/wp-content/themes/oceanwp/assets/fonts/simple-line-icons/Simple-Line-Iconsb26c.ttf]
[localhost/pius/wp-content/themes/oceanwp/assets/fonts/simple-line-icons/Simple-Line-Iconsb26c.woff]
[localhost/pius/wp-content/themes/oceanwp/assets/css/third/simple-line-icons.min8d5a.css]
[localhost/pius/wp-content/themes/oceanwp/assets/css/third/magnific-popup.min8a54.css]
[localhost/pius/wp-content/themes/oceanwp/assets/fonts/slick/slick.eot]
[localhost/pius/wp-content/themes/oceanwp/assets/fonts/slick/slickd41d.eot]
[localhost/pius/wp-content/themes/oceanwp/assets/fonts/slick/slick.woff]
[localhost/pius/wp-content/themes/oceanwp/assets/fonts/slick/slick.ttf]
[localhost/pius/wp-content/themes/oceanwp/assets/css/third/slick.minaff7.css]
[localhost/pius/wp-content/themes/oceanwp/assets/css/style.min6614.css]
[localhost/pius/wp-content/plugins/elementor/assets/lib/eicons/fonts/eicons1df9.eot]
[localhost/pius/wp-content/plugins/elementor/assets/lib/eicons/fonts/eicons1df9.woff2]
[localhost/pius/wp-content/plugins/elementor/assets/lib/eicons/fonts/eicons1df9.woff]
[localhost/pius/wp-content/plugins/elementor/assets/lib/eicons/fonts/eicons1df9.ttf]
[localhost/pius/wp-content/plugins/elementor/assets/lib/eicons/css/elementor-icons.min9e95.css]
[localhost/pius/wp-content/plugins/elementor/assets/lib/animations/animations.min77e6.css]
[localhost/pius/wp-content/plugins/elementor/assets/css/frontend.min77e6.css]
[localhost/pius/wp-content/uploads/elementor/css/globale68d.css]
[localhost/pius/wp-content/uploads/2018/09/IMG-20180604-WA0016.jpg]
[localhost/pius/wp-content/uploads/elementor/css/post-314c05.css]
[localhost/pius/wp-content/plugins/ocean-extra/assets/img/instagram-logo.png]
[localhost/pius/wp-content/plugins/ocean-extra/assets/img/flickr.png]
[localhost/pius/wp-content/plugins/ocean-extra/assets/css/widgets5010.css]
[localhost/pius/wp-content/uploads/oceanwp/custom-style.css]
[localhost/pius/wp-json/oembed/1.0/embed9b66.json]
[localhost/pius/wp-json/oembed/1.0/embed7e2a]
[localhost/pius/about-me/index.html]
[localhost/pius/wp-json/oembed/1.0/embede250.json]
[localhost/pius/wp-json/oembed/1.0/embedff45]
[localhost/pius/profile/index.html]
[localhost/pius/wp-json/oembed/1.0/embed694f.json]
[localhost/pius/wp-json/oembed/1.0/embed9005]
[localhost/pius/experience/index.html]
[localhost/pius/wp-json/oembed/1.0/embedd8cc.json]
[localhost/pius/wp-json/oembed/1.0/embeda1d5]
[localhost/pius/contact/index.html]
[localhost/pius/wp-content/themes/oceanwp/assets/fonts/fontawesome/fontawesome-webfont3e6e.svg]
[localhost/pius/wp-content/themes/oceanwp/assets/fonts/simple-line-icons/Simple-Line-Iconsb26c.svg]
[localhost/pius/wp-content/themes/oceanwp/assets/fonts/slick/slick.svg]
[localhost/pius/wp-content/plugins/elementor/assets/lib/eicons/fonts/eicons1df9.svg]
[localhost/pius/wp-content/uploads/elementor/css/post-334991.css]
[localhost/pius/indexdd23.html]
[localhost/pius/wp-content/uploads/elementor/css/post-39c321.css]
[localhost/pius/indexba52.html]
[localhost/pius/wp-content/uploads/elementor/css/post-359623.css]
[localhost/pius/index5c90.html]
[localhost/pius/wp-content/uploads/elementor/css/post-3767dd.css]
[localhost/pius/index4837.html]
